Attempted to delete the empty path! This is not allowed.
