2020-05-31 12:00:00 <dir>/က
2020-05-31 12:00:00 <dir>/㐀
2020-05-31 12:00:00 <dir>/練
--------------------------------------------------------------------------------
