2020-05-31 12:00:00 <dir>/1
2020-05-31 12:00:00 <dir>/2
2020-05-31 12:00:00 <dir>/3
2020-05-31 12:00:00 <dir>/4
2020-05-31 12:00:00 <dir>/5
--------------------------------------------------------------------------------
1
2
3
4
5
--------------------------------------------------------------------------------
