2020-05-31 12:00:00 <dir>/dir1
--------------------------------------------------------------------------------
