2020-05-31 12:00:00 <dir>/dir2
2020-05-31 12:00:00 <dir>/sdir1
2020-05-31 12:00:00 <dir>/sf1
2020-05-31 12:00:00 <dir>/sf2
2020-05-31 12:00:00 <dir>/sf3

2020-05-31 12:00:00 <dir>/ddir1
2020-05-31 12:00:00 <dir>/df1
2020-05-31 12:00:00 <dir>/df2
2020-05-31 12:00:00 <dir>/df3
2020-05-31 12:00:00 <dir>/dir2

2020-05-31 12:00:00 <dir>/ddir1
2020-05-31 12:00:00 <dir>/df1
2020-05-31 12:00:00 <dir>/df2
2020-05-31 12:00:00 <dir>/df3
2020-05-31 12:00:00 <dir>/dir2
