Entries:      0
Total Files:  0
Log size:     0.00B
Size:         0.00B
--------------------------------------------------------------------------------
