2020-05-31 12:00:00 <dir>/dir-link
2020-05-31 12:00:00 <dir>/dir1
2020-05-31 12:00:00 <dir>/dir2
2020-05-31 12:00:00 <dir>/dir4
2020-05-31 12:00:00 <dir>/f1
2020-05-31 12:00:00 <dir>/f2
2020-05-31 12:00:00 <dir>/f3
2020-05-31 12:00:00 <dir>/file-link
--------------------------------------------------------------------------------
Entries:      8
Total Files:  7
Log size:     0.00B
Size:         367.00B
--------------------------------------------------------------------------------
