2020-05-31 12:00:00 <dir>/f1
2020-05-31 12:00:00 <dir>/f2
2020-05-31 12:00:00 <dir>/f5

No entry for 'f3'

Permanently deleted paths:
 - f1
 - f2

2020-05-31 12:00:00 <dir>/f5
