2020-05-31 12:00:00 <dir>/xxbar
2020-05-31 12:00:00 <dir>/xxbaz
2020-05-31 12:00:00 <dir>/xxfoo
2020-05-31 12:00:00 <dir>/y*xxbar
2020-05-31 12:00:00 <dir>/y*xxbaz
2020-05-31 12:00:00 <dir>/y*xxfoo

2020-05-31 12:00:00 <dir>/xxbar
2020-05-31 12:00:00 <dir>/xxbaz
2020-05-31 12:00:00 <dir>/xxfoo
