2020-05-31 12:00:00 <dir>/1g
2020-05-31 12:00:00 <dir>/1h
2020-05-31 12:00:00 <dir>/2g
2020-05-31 12:00:00 <dir>/2h
2020-05-31 12:00:00 <dir>/3g
2020-05-31 12:00:00 <dir>/3h
2020-05-31 12:00:00 <dir>/fooAbar
2020-05-31 12:00:00 <dir>/fooBadbar
2020-05-31 12:00:00 <dir>/fooXbar
2020-05-31 12:00:00 <dir>/g1
2020-05-31 12:00:00 <dir>/g2
2020-05-31 12:00:00 <dir>/g3
2020-05-31 12:00:00 <dir>/h1
2020-05-31 12:00:00 <dir>/h2
2020-05-31 12:00:00 <dir>/h3

Mock: cannot delete fooBadbar

Permanently deleted paths:
 - '1h'
 - '2h'
 - '3h'
 - 'h1'
 - 'h2'
 - 'h3'
 - 'fooAbar'

2020-05-31 12:00:00 <dir>/1g
2020-05-31 12:00:00 <dir>/2g
2020-05-31 12:00:00 <dir>/3g
2020-05-31 12:00:00 <dir>/fooBadbar
2020-05-31 12:00:00 <dir>/fooXbar
2020-05-31 12:00:00 <dir>/g1
2020-05-31 12:00:00 <dir>/g2
2020-05-31 12:00:00 <dir>/g3
