2020-05-31 12:00:00 <dir>/1g
2020-05-31 12:00:00 <dir>/1h
2020-05-31 12:00:00 <dir>/2g
2020-05-31 12:00:00 <dir>/2h
2020-05-31 12:00:00 <dir>/3g
2020-05-31 12:00:00 <dir>/3h
2020-05-31 12:00:00 <dir>/fooAbar
2020-05-31 12:00:00 <dir>/fooBadbar
2020-05-31 12:00:00 <dir>/fooXbar
2020-05-31 12:00:00 <dir>/g1
2020-05-31 12:00:00 <dir>/g2
2020-05-31 12:00:00 <dir>/g3
2020-05-31 12:00:00 <dir>/h1
2020-05-31 12:00:00 <dir>/h2
2020-05-31 12:00:00 <dir>/h3

Cannot restore the trash file 'fooBadbar' as one exists at the original location: '<dir>/fooBadbar'


Restored paths:
 - '<dir>/1h'
 - '<dir>/2h'
 - '<dir>/3h'
 - '<dir>/h1'
 - '<dir>/h2'
 - '<dir>/h3'
 - '<dir>/fooAbar'

2020-05-31 12:00:00 <dir>/1g
2020-05-31 12:00:00 <dir>/2g
2020-05-31 12:00:00 <dir>/3g
2020-05-31 12:00:00 <dir>/fooBadbar
2020-05-31 12:00:00 <dir>/fooXbar
2020-05-31 12:00:00 <dir>/g1
2020-05-31 12:00:00 <dir>/g2
2020-05-31 12:00:00 <dir>/g3
