2020-05-31 12:00:00 <dir>/f1
2020-05-31 12:00:00 <dir>/f2
2020-05-31 12:00:00 <dir>/f5
--------------------------------------------------------------------------------
No entry for 'f3'
--------------------------------------------------------------------------------

Restored paths:
 - '<dir>/f1'
 - '<dir>/f2'

--------------------------------------------------------------------------------
2020-05-31 12:00:00 <dir>/f5
--------------------------------------------------------------------------------
