Name | Type | Size    | Original | Created
------------------------------------------------------
