LOGS DELETE
[2020-05-31 12:00:00][functional.delete][Debug][src/SafeRm.hs] Trash home: <dir>/d1/.trash
[2020-05-31 12:00:00][functional.delete.deleting][Debug][src/SafeRm.hs] MkPathData {pathType = PathTypeFile, fileName = MkPathI {unPathI = "f1"}, originalPath = MkPathI {unPathI = "<dir>/d1/f1"}, size = MkBytes 5, created = MkTimestamp {unTimestamp = 2020-05-31 12:00:00}}
[2020-05-31 12:00:00][functional.delete][Info][src/SafeRm.hs] Deleted: <dir>/d1/f1


TERMINAL LIST
Type:     File
Name:     f1
Original: <dir>/d1/f1
Size:     5.00B
Created:  2020-05-31 12:00:00

Entries:      1
Total Files:  1
Log size:     0.00B
Size:         0.00B 

