[2020-05-31 12:00:00][logging-tests.delete][Debug][src/SafeRm.hs:94:4] Trash home: <dir>/.trash
[2020-05-31 12:00:00][logging-tests.delete.deleting][Debug][src/SafeRm.hs:106:10] MkPathData {pathType = PathTypeFile, fileName = MkPathI {unPathI = "f1"}, originalPath = MkPathI {unPathI = "<dir>/f1"}, created = MkTimestamp {unTimestamp = 2020-05-31 12:00:00}}
[2020-05-31 12:00:00][logging-tests.delete.deleting][Debug][src/SafeRm.hs:106:10] MkPathData {pathType = PathTypeFile, fileName = MkPathI {unPathI = "f2"}, originalPath = MkPathI {unPathI = "<dir>/f2"}, created = MkTimestamp {unTimestamp = 2020-05-31 12:00:00}}
[2020-05-31 12:00:00][logging-tests.delete.deleting][Debug][src/SafeRm.hs:106:10] MkPathData {pathType = PathTypeFile, fileName = MkPathI {unPathI = "f3"}, originalPath = MkPathI {unPathI = "<dir>/f3"}, created = MkTimestamp {unTimestamp = 2020-05-31 12:00:00}}
[2020-05-31 12:00:00][logging-tests.delete][Info][src/SafeRm.hs:125:4] Deleted: <dir>/f2, <dir>/f3, <dir>/f1
