TERMINAL LIST 1
Type:      File
Name:      f1
Original:  <dir>/x4/f1
Size:  5.00B
Created:   2020-05-31 12:00:00 

Type:      File
Name:      f2
Original:  <dir>/x4/f2
Size:  5.00B
Created:   2020-05-31 12:00:00 

Type:      File
Name:      f5
Original:  <dir>/x4/f5
Size:  5.00B
Created:   2020-05-31 12:00:00 
Entries:      3
Total Files:  3
Log size:     0.00B
Size:         15.00B 


EXCEPTION PERM DELETE
Exceptions:

- Path not found: f4

CallStack (from HasCallStack):
  getCallStack, called at src/SafeRm.hs:0:0 in <package>:SafeRm
  deletePermanently, called at src/SafeRm/Runner.hs:0:0 in <package>:SafeRm.Runner
  runCmd, called at test/functional/Functional/Prelude.hs:0:0 in <package>:Functional.Prelude

- Path not found: f3

CallStack (from HasCallStack):
  getCallStack, called at src/SafeRm.hs:0:0 in <package>:SafeRm
  deletePermanently, called at src/SafeRm/Runner.hs:0:0 in <package>:SafeRm.Runner
  runCmd, called at test/functional/Functional/Prelude.hs:0:0 in <package>:Functional.Prelude

LOGS PERM DELETE
[2020-05-31 12:00:00][functional.deletePermanently][Debug][src/SafeRm.hs] Trash home: <dir>/x4/.trash
[2020-05-31 12:00:00][functional.deletePermanently.readIndex][Debug][src/SafeRm/Data/Index.hs] Index path: <dir>/x4/.trash/.index.csv
[2020-05-31 12:00:00][functional.deletePermanently.readIndex.readIndexWithFold][Debug][src/SafeRm/Data/Index.hs] Found: MkPathData {pathType = PathTypeFile, fileName = MkPathI {unPathI = "f1"}, originalPath = MkPathI {unPathI = "<dir>/x4/f1"}, size = MkBytes 5, created = MkTimestamp {unTimestamp = 2020-05-31 12:00:00}}
[2020-05-31 12:00:00][functional.deletePermanently.readIndex.readIndexWithFold][Debug][src/SafeRm/Data/Index.hs] Found: MkPathData {pathType = PathTypeFile, fileName = MkPathI {unPathI = "f2"}, originalPath = MkPathI {unPathI = "<dir>/x4/f2"}, size = MkBytes 5, created = MkTimestamp {unTimestamp = 2020-05-31 12:00:00}}
[2020-05-31 12:00:00][functional.deletePermanently.readIndex.readIndexWithFold][Debug][src/SafeRm/Data/Index.hs] Found: MkPathData {pathType = PathTypeFile, fileName = MkPathI {unPathI = "f5"}, originalPath = MkPathI {unPathI = "<dir>/x4/f5"}, size = MkBytes 5, created = MkTimestamp {unTimestamp = 2020-05-31 12:00:00}}
[2020-05-31 12:00:00][functional.deletePermanently.deleting][Debug][src/SafeRm.hs] MkPathData {pathType = PathTypeFile, fileName = MkPathI {unPathI = "f5"}, originalPath = MkPathI {unPathI = "<dir>/x4/f5"}, size = MkBytes 5, created = MkTimestamp {unTimestamp = 2020-05-31 12:00:00}}
[2020-05-31 12:00:00][functional.deletePermanently.deleting][Debug][src/SafeRm.hs] MkPathData {pathType = PathTypeFile, fileName = MkPathI {unPathI = "f2"}, originalPath = MkPathI {unPathI = "<dir>/x4/f2"}, size = MkBytes 5, created = MkTimestamp {unTimestamp = 2020-05-31 12:00:00}}
[2020-05-31 12:00:00][functional.deletePermanently.deleting][Debug][src/SafeRm.hs] MkPathData {pathType = PathTypeFile, fileName = MkPathI {unPathI = "f1"}, originalPath = MkPathI {unPathI = "<dir>/x4/f1"}, size = MkBytes 5, created = MkTimestamp {unTimestamp = 2020-05-31 12:00:00}}
[2020-05-31 12:00:00][functional.deletePermanently][Info][src/SafeRm.hs] Deleted: f5, f2, f1
[2020-05-31 12:00:00][functional][Error][src/SafeRm/Runner.hs] Exceptions:

- Path not found: f4

CallStack (from HasCallStack):
  getCallStack, called at src/SafeRm.hs:0:0 in <package>:SafeRm
  deletePermanently, called at src/SafeRm/Runner.hs:0:0 in <package>:SafeRm.Runner
  runCmd, called at test/functional/Functional/Prelude.hs:0:0 in <package>:Functional.Prelude

- Path not found: f3

CallStack (from HasCallStack):
  getCallStack, called at src/SafeRm.hs:0:0 in <package>:SafeRm
  deletePermanently, called at src/SafeRm/Runner.hs:0:0 in <package>:SafeRm.Runner
  runCmd, called at test/functional/Functional/Prelude.hs:0:0 in <package>:Functional.Prelude


TERMINAL LIST 2
Entries:      0
Total Files:  0
Log size:     0.00B
Size:         0.00B 
