TERMINAL LIST
Type:     File
Name:     f1
Original: <dir>/x3/f1
Size:     5.00B
Created:  2020-05-31 12:00:00

Entries:      1
Total Files:  1
Log size:     0.00B
Size:         0.00B 



EXCEPTION PERM DELETE
Exceptions:

- Path not found: bad file

LOGS PERM DELETE
[2020-05-31 12:00:00][functional.deletePermanently][Debug][src/SafeRm.hs] Trash home: <dir>/x3/.trash
[2020-05-31 12:00:00][functional.deletePermanently.readIndex][Debug][src/SafeRm/Data/Index.hs] Index path: <dir>/x3/.trash/.index.csv
[2020-05-31 12:00:00][functional.deletePermanently.readIndex.readIndexWithFold][Debug][src/SafeRm/Data/Index.hs] Found: MkPathData {pathType = PathTypeFile, fileName = MkPathI {unPathI = "f1"}, originalPath = MkPathI {unPathI = "<dir>/x3/f1"}, size = MkBytes 5, created = MkTimestamp {unTimestamp = 2020-05-31 12:00:00}}
[2020-05-31 12:00:00][functional.deletePermanently][Info][src/SafeRm.hs] Deleted: 
[2020-05-31 12:00:00][functional][Error][src/SafeRm/Runner.hs] Exceptions:

- Path not found: bad file
