TERMINAL LIST
Type:      Directory
Name:      dir1
Original:  <dir>/m1/dir1
Created:   2020-05-31 12:00:00 

Type:      Directory
Name:      dir2
Original:  <dir>/m1/dir2
Created:   2020-05-31 12:00:00 

Type:      File
Name:      f1
Original:  <dir>/m1/f1
Created:   2020-05-31 12:00:00 

Type:      File
Name:      f2
Original:  <dir>/m1/f2
Created:   2020-05-31 12:00:00 

Type:      File
Name:      f3
Original:  <dir>/m1/f3
Created:   2020-05-31 12:00:00 
Entries:      5
Total Files:  4
Log size:     0.00B
Size:         25.00B 


TERMINAL METADATA
Entries:      5
Total Files:  4
Log size:     0.00B
Size:         25.00B 


LOGS METADATA
[2020-05-31 12:00:00][functional.getMetadata][Debug][src/SafeRm.hs] Trash home: <dir>/m1/.trash
[2020-05-31 12:00:00][functional.getMetadata.toMetadata.readIndex][Debug][src/SafeRm/Data/Index.hs] Index path: <dir>/m1/.trash/.index.csv
[2020-05-31 12:00:00][functional.getMetadata.toMetadata.readIndex.readIndexWithFold][Debug][src/SafeRm/Data/Index.hs] Found: MkPathData {pathType = PathTypeFile, fileName = MkPathI {unPathI = "f1"}, originalPath = MkPathI {unPathI = "<dir>/m1/f1"}, created = MkTimestamp {unTimestamp = 2020-05-31 12:00:00}}
[2020-05-31 12:00:00][functional.getMetadata.toMetadata.readIndex.readIndexWithFold][Debug][src/SafeRm/Data/Index.hs] Found: MkPathData {pathType = PathTypeFile, fileName = MkPathI {unPathI = "f3"}, originalPath = MkPathI {unPathI = "<dir>/m1/f3"}, created = MkTimestamp {unTimestamp = 2020-05-31 12:00:00}}
[2020-05-31 12:00:00][functional.getMetadata.toMetadata.readIndex.readIndexWithFold][Debug][src/SafeRm/Data/Index.hs] Found: MkPathData {pathType = PathTypeDirectory, fileName = MkPathI {unPathI = "dir1"}, originalPath = MkPathI {unPathI = "<dir>/m1/dir1"}, created = MkTimestamp {unTimestamp = 2020-05-31 12:00:00}}
[2020-05-31 12:00:00][functional.getMetadata.toMetadata.readIndex.readIndexWithFold][Debug][src/SafeRm/Data/Index.hs] Found: MkPathData {pathType = PathTypeFile, fileName = MkPathI {unPathI = "f2"}, originalPath = MkPathI {unPathI = "<dir>/m1/f2"}, created = MkTimestamp {unTimestamp = 2020-05-31 12:00:00}}
[2020-05-31 12:00:00][functional.getMetadata.toMetadata.readIndex.readIndexWithFold][Debug][src/SafeRm/Data/Index.hs] Found: MkPathData {pathType = PathTypeDirectory, fileName = MkPathI {unPathI = "dir2"}, originalPath = MkPathI {unPathI = "<dir>/m1/dir2"}, created = MkTimestamp {unTimestamp = 2020-05-31 12:00:00}}
[2020-05-31 12:00:00][functional.getMetadata.toMetadata][Debug][src/SafeRm/Data/Metadata.hs] Index size: 5
[2020-05-31 12:00:00][functional.getMetadata.toMetadata][Debug][src/SafeRm/Data/Metadata.hs] Num entries: 5
[2020-05-31 12:00:00][functional.getMetadata.toMetadata][Debug][src/SafeRm/Data/Metadata.hs] Log does not exist
[2020-05-31 12:00:00][functional.getMetadata.toMetadata][Debug][src/SafeRm/Data/Metadata.hs] Num all files: 4
[2020-05-31 12:00:00][functional.getMetadata.toMetadata][Debug][src/SafeRm/Data/Metadata.hs] Total size: MkSomeSize SB (MkBytes 25.0)
