renamed /home/path/to/foo to test/unit/.trash/paths/foo