[92mName       | Original               | Type | Size    | Created
--------------------------------------------------------------------------[0m
[94md          | /d                     | D    | 5000... | 2020-05-31 12:00:00[0m
[95mf          | /foo/path/f            | F    | 13.07M  | 2020-05-31 12:00:00[0m
[94mz          | /z                     | F    | 200.12K | 2020-05-31 12:00:00[0m
[95mdir        | /some/really/really... | D    | 20.23K  | 2020-05-31 12:00:00[0m
[94mbazzz      | /path/bar/bazzz        | F    | 5.00K   | 2020-05-31 12:00:00[0m
[95mfoo        | /path/foo              | F    | 70.00B  | 2020-05-31 12:00:00[0m