Index | Created             | Original
----------------------------------------------------------
1     | 2020-05-31 12:00:00 | /path/foo
2     | 2020-06-30 12:00:00 | /path/bar/bazzz
3     | 2020-05-31 12:00:00 | /some/really/really/long/dir
4     | 2020-06-30 12:00:00 | /z
5     | 2020-06-30 12:00:00 | /foo/path/f
6     | 2020-05-31 12:00:00 | /d
