[92mIndex | Created             | Original
----------------------------------------------------------[0m
[94m1     | 2020-05-31 12:00:00 | /d[0m
[95m2     | 2020-06-30 12:00:00 | /foo/path/f[0m
[94m3     | 2020-06-30 12:00:00 | /z[0m
[95m4     | 2020-05-31 12:00:00 | /some/really/really/long/dir[0m
[94m5     | 2020-06-30 12:00:00 | /path/bar/bazzz[0m
[95m6     | 2020-05-31 12:00:00 | /path/foo[0m
